============================= test session starts =============================
platform win32 -- Python 3.14.4, pytest-9.0.3, pluggy-1.6.0
rootdir: C:\Users\User\Documents\GitHub\trioslk-fixed
collected 1 item

test\test_course_payment.py .                                            [100%]

============================= 1 passed in 15.07s ==============================
